// Jest Snapshot v1, https://goo.gl/fbAQLP

exports[`Component is rendered correctly 1`] = `
Object {
  "asFragment": [Function],
  "baseElement": <body>
    <div>
      <div
        class="sc-htpNat dAVcta"
      >
        <form
          data-testid="newpost-component"
        >
          <div
            class="sc-bdVaJa dJrvce"
          >
            <textarea
              id="post-textarea"
              rows="6"
              style="resize: none;"
              type="text"
            />
            <div
              class="sc-bwzfXH eGZimR"
            >
              <img
                class="ui mini image"
                src="https://react.semantic-ui.com/images/wireframe/image.png"
              />
              <div>
                <input
                  id="real-input"
                  type="file"
                />
                <button
                  type="button"
                >
                  <i
                    aria-hidden="true"
                    class="image icon"
                  />
                  Upload a picture
                </button>
              </div>
            </div>
            <div
              class="sc-bwzfXH eGZimR"
            >
              <button
                class="button-style"
                data-testid="postbutton"
                id="postbutton"
                style="background-color: orange;"
                type="submit"
              >
                Post
              </button>
              <div>
                <button
                  class="button-style"
                  data-testid="updatebutton"
                  id="updatebutton"
                  style="background-color: orange;"
                  type="button"
                >
                  Update
                </button>
                <button
                  class="button-style"
                  data-testid="workoutbutton"
                  id="workoutbutton"
                  style="background-color: lightgrey;"
                  type="button"
                >
                  Workout
                </button>
              </div>
               
            </div>
          </div>
        </form>
      </div>
    </div>
  </body>,
  "container": <div>
    <div
      class="sc-htpNat dAVcta"
    >
      <form
        data-testid="newpost-component"
      >
        <div
          class="sc-bdVaJa dJrvce"
        >
          <textarea
            id="post-textarea"
            rows="6"
            style="resize: none;"
            type="text"
          />
          <div
            class="sc-bwzfXH eGZimR"
          >
            <img
              class="ui mini image"
              src="https://react.semantic-ui.com/images/wireframe/image.png"
            />
            <div>
              <input
                id="real-input"
                type="file"
              />
              <button
                type="button"
              >
                <i
                  aria-hidden="true"
                  class="image icon"
                />
                Upload a picture
              </button>
            </div>
          </div>
          <div
            class="sc-bwzfXH eGZimR"
          >
            <button
              class="button-style"
              data-testid="postbutton"
              id="postbutton"
              style="background-color: orange;"
              type="submit"
            >
              Post
            </button>
            <div>
              <button
                class="button-style"
                data-testid="updatebutton"
                id="updatebutton"
                style="background-color: orange;"
                type="button"
              >
                Update
              </button>
              <button
                class="button-style"
                data-testid="workoutbutton"
                id="workoutbutton"
                style="background-color: lightgrey;"
                type="button"
              >
                Workout
              </button>
            </div>
             
          </div>
        </div>
      </form>
    </div>
  </div>,
  "debug": [Function],
  "findAllByAltText": [Function],
  "findAllByDisplayValue": [Function],
  "findAllByLabelText": [Function],
  "findAllByPlaceholderText": [Function],
  "findAllByRole": [Function],
  "findAllByTestId": [Function],
  "findAllByText": [Function],
  "findAllByTitle": [Function],
  "findByAltText": [Function],
  "findByDisplayValue": [Function],
  "findByLabelText": [Function],
  "findByPlaceholderText": [Function],
  "findByRole": [Function],
  "findByTestId": [Function],
  "findByText": [Function],
  "findByTitle": [Function],
  "getAllByAltText": [Function],
  "getAllByDisplayValue": [Function],
  "getAllByLabelText": [Function],
  "getAllByPlaceholderText": [Function],
  "getAllByRole": [Function],
  "getAllByTestId": [Function],
  "getAllByText": [Function],
  "getAllByTitle": [Function],
  "getByAltText": [Function],
  "getByDisplayValue": [Function],
  "getByLabelText": [Function],
  "getByPlaceholderText": [Function],
  "getByRole": [Function],
  "getByTestId": [Function],
  "getByText": [Function],
  "getByTitle": [Function],
  "queryAllByAltText": [Function],
  "queryAllByDisplayValue": [Function],
  "queryAllByLabelText": [Function],
  "queryAllByPlaceholderText": [Function],
  "queryAllByRole": [Function],
  "queryAllByTestId": [Function],
  "queryAllByText": [Function],
  "queryAllByTitle": [Function],
  "queryByAltText": [Function],
  "queryByDisplayValue": [Function],
  "queryByLabelText": [Function],
  "queryByPlaceholderText": [Function],
  "queryByRole": [Function],
  "queryByTestId": [Function],
  "queryByText": [Function],
  "queryByTitle": [Function],
  "rerender": [Function],
  "unmount": [Function],
}
`;
