// Jest Snapshot v1, https://goo.gl/fbAQLP

exports[`Workout component renders everything 1`] = `
Object {
  "asFragment": [Function],
  "baseElement": <body>
    <div>
      <div
        class="sc-bdVaJa fTqoCG"
      >
        <div
          class="sc-bwzfXH lATRP"
          data-testid="workout-component"
        >
          <h3>
            WORKOUT BY 
            MIKSA
          </h3>
          <div
            class="sc-htpNat krjxIW"
          >
            <img
              class="ui tiny rounded image"
              src="/img/workout.jpg"
            />
            <div>
              <h2>
                4
              </h2>
              exercises
            </div>
            <div>
              <h2>
                2
              </h2>
              likes
            </div>
            <div>
              <p>
                5x5 pullup
              </p>
              <p>
                5x5 push up
              </p>
              <p>
                5x5 squat
              </p>
            </div>
          </div>
          <div
            class="sc-bxivhb eRfAzJ"
          >
            <a
              href="/doworkout/undefined"
            >
              <strong>
                View this workout
              </strong>
            </a>
          </div>
        </div>
      </div>
    </div>
  </body>,
  "container": <div>
    <div
      class="sc-bdVaJa fTqoCG"
    >
      <div
        class="sc-bwzfXH lATRP"
        data-testid="workout-component"
      >
        <h3>
          WORKOUT BY 
          MIKSA
        </h3>
        <div
          class="sc-htpNat krjxIW"
        >
          <img
            class="ui tiny rounded image"
            src="/img/workout.jpg"
          />
          <div>
            <h2>
              4
            </h2>
            exercises
          </div>
          <div>
            <h2>
              2
            </h2>
            likes
          </div>
          <div>
            <p>
              5x5 pullup
            </p>
            <p>
              5x5 push up
            </p>
            <p>
              5x5 squat
            </p>
          </div>
        </div>
        <div
          class="sc-bxivhb eRfAzJ"
        >
          <a
            href="/doworkout/undefined"
          >
            <strong>
              View this workout
            </strong>
          </a>
        </div>
      </div>
    </div>
  </div>,
  "debug": [Function],
  "findAllByAltText": [Function],
  "findAllByDisplayValue": [Function],
  "findAllByLabelText": [Function],
  "findAllByPlaceholderText": [Function],
  "findAllByRole": [Function],
  "findAllByTestId": [Function],
  "findAllByText": [Function],
  "findAllByTitle": [Function],
  "findByAltText": [Function],
  "findByDisplayValue": [Function],
  "findByLabelText": [Function],
  "findByPlaceholderText": [Function],
  "findByRole": [Function],
  "findByTestId": [Function],
  "findByText": [Function],
  "findByTitle": [Function],
  "getAllByAltText": [Function],
  "getAllByDisplayValue": [Function],
  "getAllByLabelText": [Function],
  "getAllByPlaceholderText": [Function],
  "getAllByRole": [Function],
  "getAllByTestId": [Function],
  "getAllByText": [Function],
  "getAllByTitle": [Function],
  "getByAltText": [Function],
  "getByDisplayValue": [Function],
  "getByLabelText": [Function],
  "getByPlaceholderText": [Function],
  "getByRole": [Function],
  "getByTestId": [Function],
  "getByText": [Function],
  "getByTitle": [Function],
  "queryAllByAltText": [Function],
  "queryAllByDisplayValue": [Function],
  "queryAllByLabelText": [Function],
  "queryAllByPlaceholderText": [Function],
  "queryAllByRole": [Function],
  "queryAllByTestId": [Function],
  "queryAllByText": [Function],
  "queryAllByTitle": [Function],
  "queryByAltText": [Function],
  "queryByDisplayValue": [Function],
  "queryByLabelText": [Function],
  "queryByPlaceholderText": [Function],
  "queryByRole": [Function],
  "queryByTestId": [Function],
  "queryByText": [Function],
  "queryByTitle": [Function],
  "rerender": [Function],
  "unmount": [Function],
}
`;
